# stuntcarracer simtrace v1
# track=7 seed=0x12345678 steps=6000 dt=0.016666666666666666 dtbits=3f91111111111111
# verbose=0 digest_only=1 solo=0
#chk 000100 f41aa1594536f657
#chk 000200 c8f72f7ae27f3193
#chk 000300 1e631a4f580412f0
#chk 000400 6fd7526c044be1b3
#chk 000500 697337c7bd25126b
#chk 000600 94f25f076149ef3f
#chk 000700 40b3f7f7c5c96660
#chk 000800 451907f20b3bd478
#chk 000900 c152c19d655dd91b
#chk 001000 bd90aa0016921c18
#chk 001100 84a5006ddcbf6082
#chk 001200 cddc867d6b824920
#chk 001300 811ae9de12897582
#chk 001400 1e24e8dddaa37a7d
#chk 001500 b67bcc9866d6b3af
#chk 001600 df263962a890e101
#chk 001700 41f58dc063e24e3f
#chk 001800 6b419242000289de
#chk 001900 b14e0f2dc2553dc5
#chk 002000 bcb44313a34ea5ee
#chk 002100 6e06aa217470ff6a
#chk 002200 2a9a0a43d0baf68f
#chk 002300 df136bbfa2406235
#chk 002400 4cf004178f525ae3
#chk 002500 9e1dfe6f33d174b4
#chk 002600 1c08886424ca972e
#chk 002700 9e0b800cb20e1851
#chk 002800 3df2b35182d7a60e
#chk 002900 6d305281c7fac6d6
#chk 003000 7d87cc6872b6c104
#chk 003100 5492c5e2dc5af618
#chk 003200 549243867aacde5e
#chk 003300 1a282c528bf8386b
#chk 003400 d00d8e707a86870c
#chk 003500 d2a35c9402424ea4
#chk 003600 93fa44330fec181c
#chk 003700 4b53b1817697264d
#chk 003800 3f94b4ff8bf631cf
#chk 003900 732de2ad75e94be1
#chk 004000 88a0bd2d2b00eea8
#chk 004100 fe5b8122c2473b51
#chk 004200 9a71177af3cb5e1f
#chk 004300 dcad7e2fd9b9bbac
#chk 004400 7dd4b4c4cd972ebb
#chk 004500 357270dd9de5f691
#chk 004600 05355ae610463129
#chk 004700 a0dec995425d3388
#chk 004800 c97caa6051e9efc4
#chk 004900 48bb19deccf42cb7
#chk 005000 434b93dd13e5ce0f
#chk 005100 38194e5348abdced
#chk 005200 317ce421b76fff6e
#chk 005300 e458295fd0ff7620
#chk 005400 27ec7eea014eada6
#chk 005500 06a43caaf1da6dc3
#chk 005600 50e107270e2d9cb5
#chk 005700 1f924061dc0b8466
#chk 005800 bbe7b556f077168b
#chk 005900 db846823a1259125
#chk 006000 bc8c4e950442baaf
# DIGEST 6000 bc8c4e950442baaf
# end 6000 steps
